// Jest Snapshot v1, https://goo.gl/fbAQLP

exports[`Beaches should match the snapshot with all data passed in 1`] = `
<div
  className="beaches-page"
>
  <header
    className="header"
  >
    <h1
      className="header-title"
    >
      Beachy Keen
    </h1>
  </header>
  <h2
    className="header-subhead"
  >
    Explore Southern California's Impeccable Coastline
  </h2>
  <section
    className="beach-image"
  >
    <div
      className="stacked-image borderbox"
    >
      <img
        height="400"
        src="https://imagesvc.timeincapp.com/v3/mm/image?url=https%3A%2F%2Fimg1.coastalliving.timeinc.net%2Fsites%2Fdefault%2Ffiles%2Fstyles%2F4_3_horizontal_inbody_900x506%2Fpublic%2Fimage%2F2016%2F08%2Fmain%2Fpfeiffer-beach-california-607948645.jpg%3Fitok%3DwSIExkKn&w=1600&q=70"
        width="500"
      />
    </div>
    <p
      className="arrow"
    >
      ▼
    </p>
  </section>
  <section
    className="filter-section"
  >
    <h1
      className="filter-headline"
    >
      Filter Your Search
    </h1>
    <Filter
      beachCounties={Array []}
      filterByCounty={[Function]}
    />
  </section>
  <div
    className="beach-body"
  >
    <div
      className="beach-card"
      onClick={[Function]}
    >
      <h1
        className="beach-name"
      >
        Montaña de Oro State Beach
      </h1>
      <h2
        className="beach-county"
      >
        San Luis Obispo County
      </h2>
      <img
        className="beach-pics"
        src="https://i.imgur.com/VdqbEDr.jpg"
      />
    </div>
    <div
      className="beach-card"
      onClick={[Function]}
    >
      <h1
        className="beach-name"
      >
        Cayucos State Beach
      </h1>
      <h2
        className="beach-county"
      >
        San Luis Obispo County
      </h2>
      <img
        className="beach-pics"
        src="https://i.imgur.com/u7gAUPB.png"
      />
    </div>
  </div>
  <BeachesCard
    closeBeach={[Function]}
    selectedBeach=""
  />
</div>
`;
